// Jest Snapshot v1, https://goo.gl/fbAQLP

exports[`EpisodeList component should render 1`] = `
<table
  className="episode-list"
>
  <thead
    className="episode-list__header"
  >
    <tr
      className="episode-list__row"
    >
      <th>
        Episode Name
      </th>
      <th>
        Airdate
      </th>
    </tr>
  </thead>
  <tbody
    className="episode-list__body"
  >
    <tr
      className="episode-list__row"
      key="1"
    >
      <td>
        <span
          className="episode-list__row__number"
        >
          3
          x
          2
          :
        </span>
        <Link
          className="episode-list__row__episode-name"
          to="/episode/1"
        >
          episode 3x2
        </Link>
      </td>
      <td>
        2016-04-04T00:00:00.000Z
      </td>
    </tr>
    <tr
      className="episode-list__row"
      key="1"
    >
      <td>
        <span
          className="episode-list__row__number"
        >
          3
          x
          3
          :
        </span>
        <Link
          className="episode-list__row__episode-name"
          to="/episode/1"
        >
          episode 3x3
        </Link>
      </td>
      <td>
        2016-05-04T00:00:00.000Z
      </td>
    </tr>
  </tbody>
</table>
`;
